I'm sorry, but errors were detected in your script. Please correct the
errors listed below, and try again.


File "game/achievements.rpy", line 212: 'scrollbars' is not a keyword argument or valid child of the side statement.
    scrollbars "vertical"
              ^

File "game/gallery.rpy", line 187: 'scrollbars' is not a keyword argument or valid child of the side statement.
    scrollbars "vertical"
              ^

Ren'Py Version: Ren'Py 8.6.0.26031705+nightly
Sun Jun 21 19:53:22 2026
